// Jest Snapshot v1, https://goo.gl/fbAQLP

exports[`ManageDateSportComplex Snapshot ManageDateSportComplex 1`] = `ShallowWrapper {}`;

exports[`ManageSubcategorySportComplex Snapshot ManageSubcategorySportComplex 1`] = `ShallowWrapper {}`;

exports[`ManageVenueSportComplex Snapshot ManageVenueSportComplex 1`] = `ShallowWrapper {}`;
